// Vitest Snapshot v1, https://vitest.dev/guide/snapshot.html

exports[`same seed, same week (snapshot) > gives identical applicants, court results and day totals for the same seed 1`] = `
{
  "seed1": [
    {
      "applicants": [
        "Hortense Cobbold",
        "Pat Oakes !phrase:wrong-word",
        "Clara Voss !human:machine",
        "Skye Lumen",
        "Ethel Pargeter",
      ],
      "court": [
        "1: upheld",
        "2: upheld",
        "3: dismissed",
      ],
      "day": 1,
      "decided": [
        "accept: right",
        "challenge: right",
        "challenge: right",
        "challenge: wrong",
        "accept: right",
      ],
      "totals": {
        "bills": 38,
        "pay": 35,
        "savings": 237,
      },
    },
    {
      "applicants": [
        "Fenella Abernathy",
        "Quentin Hatchett",
        "Martin Ellery !human:machine",
        "Pat Oakes !photo:mirrored",
        "Nadia Lindqvist",
        "Dave Pickering",
        "Yusuf Pargeter",
      ],
      "court": [
        "1: dismissed",
        "2: upheld",
        "3: upheld",
      ],
      "day": 2,
      "decided": [
        "accept: right",
        "challenge: wrong",
        "challenge: right",
        "challenge: right",
        "accept: right",
        "accept: right",
        "accept: right",
      ],
      "totals": {
        "bills": 55,
        "pay": 55,
        "savings": 237,
      },
    },
    {
      "applicants": [
        "Pat Oakes !sign:two-wrong",
        "Joanna Pike !human:machine",
        "Kiri Sallow",
        "Rob Ott",
        "Vikram Marchetti",
        "Quentin Ferreira",
        "Rosalind Muncaster",
        "Sunil Grout",
      ],
      "court": [
        "0: upheld",
        "1: upheld",
        "3: dismissed",
      ],
      "day": 3,
      "decided": [
        "challenge: right",
        "challenge: right",
        "accept: right",
        "challenge: wrong",
        "accept: right",
        "accept: right",
        "accept: right",
        "accept: right",
      ],
      "totals": {
        "bills": 66,
        "pay": 65,
        "savings": 236,
      },
    },
    {
      "applicants": [
        "Pat Oakes !vouch:unregistered",
        "Ulrike Blandford",
        "Theo Marlow !vouch:company",
        "Maureen Oakes",
        "Sunil Sallow",
        "Dolores Fennimore",
        "Petra Kowalczyk",
        "Brenda Blandford",
      ],
      "court": [
        "0: upheld",
        "2: upheld",
        "7: dismissed",
      ],
      "day": 4,
      "decided": [
        "challenge: right",
        "accept: right",
        "challenge: right",
        "accept: right",
        "accept: right",
        "accept: right",
        "accept: right",
        "challenge: wrong",
      ],
      "totals": {
        "bills": 67,
        "pay": 65,
        "savings": 234,
      },
    },
    {
      "applicants": [
        "Ruth Calloway !duplicate:unit",
        "Terry Farrow",
        "Kerry Farrow !duplicate:farm",
        "Socrates",
        "Perry Farrow !duplicate:farm",
        "Ivy Marsh",
        "Nadia Fennimore",
        "Sybil Vance",
        "Iris Marsh",
      ],
      "court": [
        "1: dismissed",
        "4: upheld, removed Yusuf Thistlewood",
        "5: upheld",
      ],
      "day": 5,
      "decided": [
        "accept: wrong, warning",
        "challenge: wrong",
        "accept: right",
        "accept: right",
        "challenge: right",
        "challenge: right",
        "accept: right",
        "accept: right",
        "accept: right",
      ],
      "totals": {
        "bills": 80,
        "pay": 65,
        "savings": 219,
      },
    },
    {
      "applicants": [
        "Nigel Tuttle",
        "Simon Aldous !human:machine",
        "Hortense Oyelaran",
        "Fenella Lindqvist",
        "Pat Oakes",
        "Dolores Thistlewood !sign:two-wrong",
        "Hortense Brightwater",
        "Ingrid Oyelaran",
        "Vikram Sallow",
        "Chidi Grout !phrase:wrong-word",
      ],
      "court": [
        "1: upheld, removed Vera Binns",
        "7: dismissed",
      ],
      "day": 6,
      "decided": [
        "accept: right",
        "challenge: right",
        "accept: right",
        "accept: right",
        "accept: right",
        "accept: wrong, warning",
        "accept: right",
        "challenge: wrong",
        "accept: right",
        "accept: wrong, fine",
      ],
      "totals": {
        "bills": 93,
        "pay": 40,
        "savings": 166,
      },
    },
    {
      "applicants": [
        "Dawn Hollis",
        "Jasper Horsfall !phrase:quiet-word",
        "Ingrid Horsfall",
        "Hortense Duckworth !phrase:wrong-word",
        "Kiri Kowalczyk",
        "Marisol Muncaster",
      ],
      "court": [
        "1: upheld, removed Socrates",
        "3: upheld, removed Dolores Wimbush",
      ],
      "day": 7,
      "decided": [
        "accept: right",
        "challenge: right",
        "accept: right",
        "challenge: right",
        "accept: right",
        "accept: right",
      ],
      "totals": {
        "bills": 54,
        "pay": 70,
        "savings": 182,
      },
    },
  ],
  "seed2": [
    {
      "applicants": [
        "Hortense Cobbold",
        "Pat Oakes !phrase:wrong-word",
        "Clara Voss !human:machine",
        "Skye Lumen",
        "Ethel Pargeter",
      ],
      "court": [
        "4: dismissed",
      ],
      "day": 1,
      "decided": [
        "accept: right",
        "accept: wrong, warning",
        "accept: wrong, fine",
        "accept: right",
        "challenge: wrong",
      ],
      "totals": {
        "bills": 40,
        "pay": -15,
        "savings": 185,
      },
    },
    {
      "applicants": [
        "Martin Ellery !human:machine",
        "Ingrid Lindqvist",
        "Pat Oakes !photo:mirrored",
        "Hortense Sallow",
        "Sybil Vance",
        "Rosalind Lindqvist",
        "Marisol Cobbold",
      ],
      "court": [
        "0: upheld",
        "2: upheld",
      ],
      "day": 2,
      "decided": [
        "challenge: right",
        "accept: right",
        "challenge: right",
        "accept: right",
        "accept: right",
        "accept: right",
        "accept: right",
      ],
      "totals": {
        "bills": 55,
        "pay": 80,
        "savings": 210,
      },
    },
    {
      "applicants": [
        "Petra Sallow",
        "Socrates",
        "Joanna Pike !human:machine",
        "Pat Oakes !sign:two-wrong",
        "Marisol Okafor",
        "Dolores Hatchett",
        "Quentin Nettleship",
        "Leopold Brightwater",
      ],
      "court": [
        "1: dismissed",
        "2: upheld",
        "3: upheld",
        "7: dismissed",
      ],
      "day": 3,
      "decided": [
        "accept: right",
        "challenge: wrong",
        "challenge: right",
        "challenge: right",
        "accept: right",
        "accept: right",
        "accept: right",
        "challenge: wrong",
      ],
      "totals": {
        "bills": 67,
        "pay": 40,
        "savings": 183,
      },
    },
    {
      "applicants": [
        "Pat Oakes !vouch:unregistered",
        "Theo Marlow !vouch:company",
        "Hortense Pargeter",
        "Maureen Oakes",
        "Fenella Oyelaran",
        "Dawn Hollis",
        "Dave Pickering",
        "Agnes Wimbush",
      ],
      "court": [
        "1: upheld",
        "3: dismissed",
        "5: dismissed",
        "7: dismissed",
      ],
      "day": 4,
      "decided": [
        "accept: wrong, warning",
        "challenge: right",
        "accept: right",
        "challenge: wrong",
        "accept: right",
        "challenge: wrong",
        "accept: right",
        "challenge: wrong",
      ],
      "totals": {
        "bills": 66,
        "pay": 0,
        "savings": 117,
      },
    },
    {
      "applicants": [
        "Ruth Calloway !duplicate:unit",
        "Terry Farrow",
        "Kerry Farrow !duplicate:farm",
        "Perry Farrow !duplicate:farm",
        "Marisol Thistlewood",
        "Ingrid Marchetti",
        "Ivy Marsh",
        "Iris Marsh",
        "Nigel Tuttle",
      ],
      "court": [
        "0: upheld, removed Wendell Binns",
        "2: upheld, removed Marisol Cobbold",
        "3: upheld, removed Dave Pickering",
        "5: dismissed",
        "6: dismissed",
        "7: dismissed",
      ],
      "day": 5,
      "decided": [
        "challenge: right",
        "accept: right",
        "challenge: right",
        "challenge: right",
        "accept: right",
        "challenge: wrong",
        "challenge: wrong",
        "challenge: wrong",
        "accept: right",
      ],
      "totals": {
        "bills": 80,
        "pay": 30,
        "savings": 67,
      },
    },
    {
      "applicants": [
        "Oswald Wimbush",
        "Simon Aldous !human:machine",
        "Alex Proxy !human:generated",
        "Pat Oakes",
        "Oswald Hatchett",
        "Leopold Thistlewood",
        "Dolores Tuttle",
        "Yusuf Kowalczyk",
        "Brenda Blandford",
        "Colin Stannard !human:printed",
      ],
      "court": [
        "0: dismissed",
        "1: upheld, removed Vera Binns",
        "4: dismissed",
        "8: dismissed",
        "9: upheld, removed Ivy Marsh",
      ],
      "day": 6,
      "decided": [
        "challenge: wrong",
        "challenge: right",
        "accept: wrong, warning",
        "accept: wrong, fine",
        "challenge: wrong",
        "accept: right",
        "accept: right",
        "accept: right",
        "challenge: wrong",
        "challenge: right",
      ],
      "totals": {
        "bills": 94,
        "pay": -5,
        "savings": -32,
      },
    },
  ],
}
`;
